[    0.000000] Linux version 4.15.0-54-generic (buildd@lgw01-amd64-014) (gcc version 7.4.0 (Ubuntu 7.4.0-1ubuntu1~18.04.1)) #58-Ubuntu SMP Mon Jun 24 10:55:24 UTC 2019 (Ubuntu 4.15.0-54.58-generic 4.15.18)
[    0.000000] Command line: BOOT_IMAGE=/boot/vmlinuz-4.15.0-54-generic root=LABEL=cloudimg-rootfs ro console=tty1 console=ttyS0
[    0.000000] KERNEL supported cpus:
[    0.000000]   Intel GenuineIntel
[    0.000000]   AMD AuthenticAMD
[    0.000000]   Centaur CentaurHauls
[    0.000000] x86/fpu: Supporting XSAVE feature 0x001: 'x87 floating point registers'
[    0.000000] x86/fpu: Supporting XSAVE feature 0x002: 'SSE registers'
[    0.000000] x86/fpu: Supporting XSAVE feature 0x004: 'AVX registers'
[    0.000000] x86/fpu: xstate_offset[2]:  576, xstate_sizes[2]:  256
[    0.000000] x86/fpu: Enabled xstate features 0x7, context size is 832 bytes, using 'standard' format.
[    0.000000] e820: BIOS-provided physical RAM map:
[    0.000000] BIOS-e820: [mem 0x0000000000000000-0x000000000009fbff] usable
[    0.000000] BIOS-e820: [mem 0x000000000009fc00-0x000000000009ffff] reserved
[    0.000000] BIOS-e820: [mem 0x00000000000f0000-0x00000000000fffff] reserved
[    0.000000] BIOS-e820: [mem 0x0000000000100000-0x000000009c3effff] usable
[    0.000000] BIOS-e820: [mem 0x000000009c3f0000-0x000000009c3fffff] ACPI data
[    0.000000] BIOS-e820: [mem 0x00000000fec00000-0x00000000fec00fff] reserved
[    0.000000] BIOS-e820: [mem 0x00000000fee00000-0x00000000fee00fff] reserved
[    0.000000] BIOS-e820: [mem 0x00000000fffc0000-0x00000000ffffffff] reserved
[    0.000000] NX (Execute Disable) protection: active
[    0.000000] SMBIOS 2.5 present.
[    0.000000] DMI: innotek GmbH VirtualBox/VirtualBox, BIOS VirtualBox 12/01/2006
[    0.000000] Hypervisor detected: KVM
[    0.000000] e820: last_pfn = 0x9c3f0 max_arch_pfn = 0x400000000
[    0.000000] MTRR: Disabled
[    0.000000] x86/PAT: MTRRs disabled, skipping PAT initialization too.
[    0.000000] CPU MTRRs all blank - virtualized system.
[    0.000000] x86/PAT: Configuration [0-7]: WB  WT  UC- UC  WB  WT  UC- UC  
[    0.000000] found SMP MP-table at [mem 0x0009fff0-0x0009ffff] mapped at [        (ptrval)]
[    0.000000] Scanning 1 areas for low memory corruption
[    0.000000] RAMDISK: [mem 0x35a93000-0x36d40fff]
[    0.000000] ACPI: Early table checksum verification disabled
[    0.000000] ACPI: RSDP 0x00000000000E0000 000024 (v02 VBOX  )
[    0.000000] ACPI: XSDT 0x000000009C3F0030 00003C (v01 VBOX   VBOXXSDT 00000001 ASL  00000061)
[    0.000000] ACPI: FACP 0x000000009C3F00F0 0000F4 (v04 VBOX   VBOXFACP 00000001 ASL  00000061)
[    0.000000] ACPI: DSDT 0x000000009C3F0470 0022EA (v02 VBOX   VBOXBIOS 00000002 INTL 20100528)
[    0.000000] ACPI: FACS 0x000000009C3F0200 000040
[    0.000000] ACPI: FACS 0x000000009C3F0200 000040
[    0.000000] ACPI: APIC 0x000000009C3F0240 00005C (v02 VBOX   VBOXAPIC 00000001 ASL  00000061)
[    0.000000] ACPI: SSDT 0x000000009C3F02A0 0001CC (v01 VBOX   VBOXCPUT 00000002 INTL 20100528)
[    0.000000] No NUMA configuration found
[    0.000000] Faking a node at [mem 0x0000000000000000-0x000000009c3effff]
[    0.000000] NODE_DATA(0) allocated [mem 0x9c3c5000-0x9c3effff]
[    0.000000] kvm-clock: cpu 0, msr 0:9c344001, primary cpu clock
[    0.000000] kvm-clock: Using msrs 4b564d01 and 4b564d00
[    0.000000] kvm-clock: using sched offset of 9072416122 cycles
[    0.000000] clocksource: kvm-clock: mask: 0xffffffffffffffff max_cycles: 0x1cd42e4dffb, max_idle_ns: 881590591483 ns
[    0.000000] Zone ranges:
[    0.000000]   DMA      [mem 0x0000000000001000-0x0000000000ffffff]
[    0.000000]   DMA32    [mem 0x0000000001000000-0x000000009c3effff]
[    0.000000]   Normal   empty
[    0.000000]   Device   empty
[    0.000000] Movable zone start for each node
[    0.000000] Early memory node ranges
[    0.000000]   node   0: [mem 0x0000000000001000-0x000000000009efff]
[    0.000000]   node   0: [mem 0x0000000000100000-0x000000009c3effff]
[    0.000000] Reserved but unavailable: 15474 pages
[    0.000000] Initmem setup node 0 [mem 0x0000000000001000-0x000000009c3effff]
[    0.000000] ACPI: PM-Timer IO Port: 0x4008
[    0.000000] IOAPIC[0]: apic_id 2, version 32, address 0xfec00000, GSI 0-23
[    0.000000] ACPI: INT_SRC_OVR (bus 0 bus_irq 0 global_irq 2 dfl dfl)
[    0.000000] ACPI: INT_SRC_OVR (bus 0 bus_irq 9 global_irq 9 low level)
[    0.000000] Using ACPI (MADT) for SMP configuration information
[    0.000000] smpboot: Allowing 2 CPUs, 0 hotplug CPUs
[    0.000000] PM: Registered nosave memory: [mem 0x00000000-0x00000fff]
[    0.000000] PM: Registered nosave memory: [mem 0x0009f000-0x0009ffff]
[    0.000000] PM: Registered nosave memory: [mem 0x000a0000-0x000effff]
[    0.000000] PM: Registered nosave memory: [mem 0x000f0000-0x000fffff]
[    0.000000] e820: [mem 0x9c400000-0xfebfffff] available for PCI devices
[    0.000000] Booting paravirtualized kernel on KVM
[    0.000000] clocksource: refined-jiffies: mask: 0xffffffff max_cycles: 0xffffffff, max_idle_ns: 7645519600211568 ns
[    0.000000] random: get_random_bytes called from start_kernel+0x99/0x4fd with crng_init=0
[    0.000000] setup_percpu: NR_CPUS:8192 nr_cpumask_bits:2 nr_cpu_ids:2 nr_node_ids:1
[    0.000000] percpu: Embedded 46 pages/cpu @        (ptrval) s151552 r8192 d28672 u1048576
[    0.000000] PV qspinlock hash table entries: 256 (order: 0, 4096 bytes)
[    0.000000] Built 1 zonelists, mobility grouping on.  Total pages: 629865
[    0.000000] Policy zone: DMA32
[    0.000000] Kernel command line: BOOT_IMAGE=/boot/vmlinuz-4.15.0-54-generic root=LABEL=cloudimg-rootfs ro console=tty1 console=ttyS0
[    0.000000] Memory: 2470304K/2559544K available (12300K kernel code, 2473K rwdata, 4272K rodata, 2408K init, 2416K bss, 89240K reserved, 0K cma-reserved)
[    0.000000] SLUB: HWalign=64, Order=0-3, MinObjects=0, CPUs=2, Nodes=1
[    0.000000] Kernel/User page tables isolation: enabled
[    0.000000] ftrace: allocating 39216 entries in 154 pages
[    0.004000] Hierarchical RCU implementation.
[    0.004000] 	RCU restricting CPUs from NR_CPUS=8192 to nr_cpu_ids=2.
[    0.004000] 	Tasks RCU enabled.
[    0.004000] RCU: Adjusting geometry for rcu_fanout_leaf=16, nr_cpu_ids=2
[    0.004000] NR_IRQS: 524544, nr_irqs: 440, preallocated irqs: 16
[    0.004000] Console: colour VGA+ 80x25
[    0.004000] console [tty1] enabled
[    0.004000] console [ttyS0] enabled
[    0.004000] ACPI: Core revision 20170831
[    0.004000] ACPI: 2 ACPI AML tables successfully acquired and loaded
[    0.004000] APIC: Switch to symmetric I/O mode setup
[    0.004000] x2apic enabled
[    0.004022] Switched APIC routing to physical x2apic.
[    0.018263] ..TIMER: vector=0x30 apic1=0 pin1=2 apic2=-1 pin2=-1
[    0.020009] tsc: Detected 1795.920 MHz processor
[    0.024029] Calibrating delay loop (skipped) preset value.. 3591.84 BogoMIPS (lpj=7183680)
[    0.028013] pid_max: default: 32768 minimum: 301
[    0.032125] Security Framework initialized
[    0.036007] Yama: becoming mindful.
[    0.038262] AppArmor: AppArmor initialized
[    0.044519] Dentry cache hash table entries: 524288 (order: 10, 4194304 bytes)
[    0.052542] Inode-cache hash table entries: 262144 (order: 9, 2097152 bytes)
[    0.056108] Mount-cache hash table entries: 8192 (order: 4, 65536 bytes)
[    0.060032] Mountpoint-cache hash table entries: 8192 (order: 4, 65536 bytes)
[    0.068281] mce: CPU supports 0 MCE banks
[    0.070795] Last level iTLB entries: 4KB 512, 2MB 8, 4MB 8
[    0.072008] Last level dTLB entries: 4KB 512, 2MB 32, 4MB 32, 1GB 0
[    0.076009] Spectre V2 : Mitigation: Full generic retpoline
[    0.080008] Spectre V2 : Spectre v2 / SpectreRSB mitigation: Filling RSB on context switch
[    0.084006] Speculative Store Bypass: Vulnerable
[    0.088139] MDS: Vulnerable: Clear CPU buffers attempted, no microcode
[    0.092604] Freeing SMP alternatives memory: 36K
[    0.104000] smpboot: CPU0: Intel(R) Core(TM) i3-3217U CPU @ 1.80GHz (family: 0x6, model: 0x3a, stepping: 0x9)
[    0.104229] Performance Events: unsupported p6 CPU model 58 no PMU driver, software events only.
[    0.108142] Hierarchical SRCU implementation.
[    0.113320] NMI watchdog: Perf event create on CPU 0 failed with -2
[    0.116006] NMI watchdog: Perf NMI watchdog permanently disabled
[    0.120141] smp: Bringing up secondary CPUs ...
[    0.128262] x86: Booting SMP configuration:
[    0.131169] .... node  #0, CPUs:      #1
[    0.004000] kvm-clock: cpu 1, msr 0:9c344041, secondary cpu clock
[    0.004000] mce: CPU supports 0 MCE banks
[    0.142840] smp: Brought up 1 node, 2 CPUs
[    0.144015] smpboot: Max logical packages: 1
[    0.148011] smpboot: Total of 2 processors activated (7183.68 BogoMIPS)
[    0.152453] devtmpfs: initialized
[    0.156205] x86/mm: Memory block size: 128MB
[    0.161288] evm: security.selinux
[    0.163727] evm: security.SMACK64
[    0.164010] evm: security.SMACK64EXEC
[    0.168006] evm: security.SMACK64TRANSMUTE
[    0.170784] evm: security.SMACK64MMAP
[    0.172005] evm: security.apparmor
[    0.176005] evm: security.ima
[    0.178282] evm: security.capability
[    0.180437] clocksource: jiffies: mask: 0xffffffff max_cycles: 0xffffffff, max_idle_ns: 7645041785100000 ns
[    0.184031] futex hash table entries: 512 (order: 3, 32768 bytes)
[    0.188154] pinctrl core: initialized pinctrl subsystem
[    0.192354] RTC time: 19:49:04, date: 07/14/19
[    0.196645] NET: Registered protocol family 16
[    0.200479] audit: initializing netlink subsys (disabled)
[    0.204079] audit: type=2000 audit(1563133754.880:1): state=initialized audit_enabled=0 res=1
[    0.208016] cpuidle: using governor ladder
[    0.212022] cpuidle: using governor menu
[    0.214617] ACPI: bus type PCI registered
[    0.216011] acpiphp: ACPI Hot Plug PCI Controller Driver version: 0.5
[    0.220332] PCI: Using configuration type 1 for base access
[    0.232074] HugeTLB registered 2.00 MiB page size, pre-allocated 0 pages
[    0.236300] ACPI: Added _OSI(Module Device)
[    0.238950] ACPI: Added _OSI(Processor Device)
[    0.240023] ACPI: Added _OSI(3.0 _SCP Extensions)
[    0.244017] ACPI: Added _OSI(Processor Aggregator Device)
[    0.248010] ACPI: Added _OSI(Linux-Dell-Video)
[    0.252013] ACPI: Added _OSI(Linux-Lenovo-NV-HDMI-Audio)
[    0.255196] ACPI: Added _OSI(Linux-HPI-Hybrid-Graphics)
[    0.257135] ACPI: Executed 1 blocks of module-level executable AML code
[    0.284648] ACPI: Interpreter enabled
[    0.287044] ACPI: (supports S0 S5)
[    0.288008] ACPI: Using IOAPIC for interrupt routing
[    0.293001] PCI: Using host bridge windows from ACPI; if necessary, use "pci=nocrs" and report a bug
[    0.296837] ACPI: Enabled 2 GPEs in block 00 to 07
[    0.337474] ACPI: PCI Root Bridge [PCI0] (domain 0000 [bus 00-ff])
[    0.340028] acpi PNP0A03:00: _OSC: OS supports [ASPM ClockPM Segments MSI]
[    0.348690] acpi PNP0A03:00: _OSC: not requesting OS control; OS requires [ExtendedConfig ASPM ClockPM MSI]
[    0.352053] acpi PNP0A03:00: fail to add MMCONFIG information, can't access extended PCI configuration space under this bridge.
[    0.357488] PCI host bridge to bus 0000:00
[    0.360013] pci_bus 0000:00: root bus resource [io  0x0000-0x0cf7 window]
[    0.364014] pci_bus 0000:00: root bus resource [io  0x0d00-0xffff window]
[    0.368016] pci_bus 0000:00: root bus resource [mem 0x000a0000-0x000bffff window]
[    0.372015] pci_bus 0000:00: root bus resource [mem 0x9c400000-0xfdffffff window]
[    0.376020] pci_bus 0000:00: root bus resource [bus 00-ff]
[    0.389943] pci 0000:00:01.1: legacy IDE quirk: reg 0x10: [io  0x01f0-0x01f7]
[    0.392017] pci 0000:00:01.1: legacy IDE quirk: reg 0x14: [io  0x03f6]
[    0.396017] pci 0000:00:01.1: legacy IDE quirk: reg 0x18: [io  0x0170-0x0177]
[    0.400018] pci 0000:00:01.1: legacy IDE quirk: reg 0x1c: [io  0x0376]
[    0.494723] pci 0000:00:07.0: quirk: [io  0x4000-0x403f] claimed by PIIX4 ACPI
[    0.496057] pci 0000:00:07.0: quirk: [io  0x4100-0x410f] claimed by PIIX4 SMB
[    0.536327] ACPI: PCI Interrupt Link [LNKA] (IRQs 5 9 10 *11)
[    0.541980] ACPI: PCI Interrupt Link [LNKB] (IRQs 5 9 *10 11)
[    0.544882] ACPI: PCI Interrupt Link [LNKC] (IRQs 5 *9 10 11)
[    0.548821] ACPI: PCI Interrupt Link [LNKD] (IRQs 5 9 10 *11)
[    0.553975] SCSI subsystem initialized
[    0.556178] pci 0000:00:02.0: vgaarb: setting as boot VGA device
[    0.560000] pci 0000:00:02.0: vgaarb: VGA device added: decodes=io+mem,owns=io+mem,locks=none
[    0.560024] pci 0000:00:02.0: vgaarb: bridge control possible
[    0.564013] vgaarb: loaded
[    0.568145] ACPI: bus type USB registered
[    0.572097] usbcore: registered new interface driver usbfs
[    0.576072] usbcore: registered new interface driver hub
[    0.580095] usbcore: registered new device driver usb
[    0.584263] EDAC MC: Ver: 3.0.0
[    0.588887] PCI: Using ACPI for IRQ routing
[    0.593306] NetLabel: Initializing
[    0.596016] NetLabel:  domain hash size = 128
[    0.600012] NetLabel:  protocols = UNLABELED CIPSOv4 CALIPSO
[    0.604086] NetLabel:  unlabeled traffic allowed by default
[    0.608664] clocksource: Switched to clocksource kvm-clock
[    0.692101] VFS: Disk quotas dquot_6.6.0
[    0.694963] VFS: Dquot-cache hash table entries: 512 (order 0, 4096 bytes)
[    0.700260] AppArmor: AppArmor Filesystem Enabled
[    0.703243] pnp: PnP ACPI init
[    0.711368] pnp: PnP ACPI: found 3 devices
[    0.732313] clocksource: acpi_pm: mask: 0xffffff max_cycles: 0xffffff, max_idle_ns: 2085701024 ns
[    0.738573] NET: Registered protocol family 2
[    0.743182] TCP established hash table entries: 32768 (order: 6, 262144 bytes)
[    0.749276] TCP bind hash table entries: 32768 (order: 7, 524288 bytes)
[    0.752878] TCP: Hash tables configured (established 32768 bind 32768)
[    0.758219] UDP hash table entries: 2048 (order: 4, 65536 bytes)
[    0.762498] UDP-Lite hash table entries: 2048 (order: 4, 65536 bytes)
[    0.766420] NET: Registered protocol family 1
[    0.769141] pci 0000:00:00.0: Limiting direct PCI/PCI transfers
[    0.773069] pci 0000:00:01.0: Activating ISA DMA hang workarounds
[    0.778222] pci 0000:00:02.0: Video device with shadowed ROM at [mem 0x000c0000-0x000dffff]
[    0.783626] Unpacking initramfs...
[    2.115518] Freeing initrd memory: 19128K
[    2.118413] clocksource: tsc: mask: 0xffffffffffffffff max_cycles: 0x19e31b7216c, max_idle_ns: 440795249889 ns
[    2.124561] platform rtc_cmos: registered platform RTC device (no PNP device found)
[    2.131242] Scanning for low memory corruption every 60 seconds
[    2.137055] Initialise system trusted keyrings
[    2.139839] Key type blacklist registered
[    2.142609] workingset: timestamp_bits=36 max_order=20 bucket_order=0
[    2.155343] zbud: loaded
[    2.161009] squashfs: version 4.0 (2009/01/31) Phillip Lougher
[    2.165720] fuse init (API version 7.26)
[    2.181506] Key type asymmetric registered
[    2.184708] Asymmetric key parser 'x509' registered
[    2.188785] Block layer SCSI generic (bsg) driver version 0.4 loaded (major 246)
[    2.194985] io scheduler noop registered
[    2.198361] io scheduler deadline registered
[    2.202163] io scheduler cfq registered (default)
[    2.207562] ACPI: AC Adapter [AC] (on-line)
[    2.211084] input: Power Button as /devices/LNXSYSTM:00/LNXPWRBN:00/input/input0
[    2.217191] ACPI: Power Button [PWRF]
[    2.220035] input: Sleep Button as /devices/LNXSYSTM:00/LNXSLPBN:00/input/input1
[    2.225164] ACPI: Sleep Button [SLPF]
[    2.232554] Serial: 8250/16550 driver, 32 ports, IRQ sharing enabled
[    2.233692] ACPI: Battery Slot [BAT0] (battery present)
[    2.264068] 00:02: ttyS0 at I/O 0x3f8 (irq = 4, base_baud = 115200) is a 16550A
[    2.283084] Linux agpgart interface v0.103
[    2.295273] loop: module loaded
[    2.299308] scsi host0: ata_piix
[    2.302934] scsi host1: ata_piix
[    2.305513] ata1: PATA max UDMA/33 cmd 0x1f0 ctl 0x3f6 bmdma 0xd000 irq 14
[    2.309719] ata2: PATA max UDMA/33 cmd 0x170 ctl 0x376 bmdma 0xd008 irq 15
[    2.314530] libphy: Fixed MDIO Bus: probed
[    2.317497] tun: Universal TUN/TAP device driver, 1.6
[    2.321098] PPP generic driver version 2.4.2
[    2.324158] ehci_hcd: USB 2.0 'Enhanced' Host Controller (EHCI) Driver
[    2.329541] ehci-pci: EHCI PCI platform driver
[    2.333256] ehci-platform: EHCI generic platform driver
[    2.337536] ohci_hcd: USB 1.1 'Open' Host Controller (OHCI) Driver
[    2.342116] ohci-pci: OHCI PCI platform driver
[    2.345676] ohci-platform: OHCI generic platform driver
[    2.350065] uhci_hcd: USB Universal Host Controller Interface driver
[    2.355233] i8042: PNP: PS/2 Controller [PNP0303:PS2K,PNP0f03:PS2M] at 0x60,0x64 irq 1,12
[    2.363268] serio: i8042 KBD port at 0x60,0x64 irq 1
[    2.367174] serio: i8042 AUX port at 0x60,0x64 irq 12
[    2.371407] mousedev: PS/2 mouse device common for all mice
[    2.401503] rtc_cmos rtc_cmos: rtc core: registered rtc_cmos as rtc0
[    2.406823] rtc_cmos rtc_cmos: alarms up to one day, 114 bytes nvram
[    2.411172] i2c /dev entries driver
[    2.413693] device-mapper: uevent: version 1.0.3
[    2.417057] device-mapper: ioctl: 4.37.0-ioctl (2017-09-20) initialised: dm-devel@redhat.com
[    2.417217] input: AT Translated Set 2 keyboard as /devices/platform/i8042/serio0/input/input2
[    2.428059] ledtrig-cpu: registered to indicate activity on CPUs
[    2.432667] NET: Registered protocol family 10
[    2.446428] Segment Routing with IPv6
[    2.448925] NET: Registered protocol family 17
[    2.451909] Key type dns_resolver registered
[    2.455701] RAS: Correctable Errors collector initialized.
[    2.459223] sched_clock: Marking stable (2459164649, 0)->(3494290140, -1035125491)
[    2.465333] registered taskstats version 1
[    2.468035] Loading compiled-in X.509 certificates
[    2.478359] Loaded X.509 cert 'Build time autogenerated kernel key: 1cc14bc8298a06d551159822c55fa35abd77a621'
[    2.484667] zswap: loaded using pool lzo/zbud
[    2.498877] Key type big_key registered
[    2.501686] Key type trusted registered
[    2.509337] Key type encrypted registered
[    2.511872] AppArmor: AppArmor sha1 policy hashing enabled
[    2.515220] ima: No TPM chip found, activating TPM-bypass! (rc=-19)
[    2.519584] ima: Allocated hash algorithm: sha1
[    2.523313] evm: HMAC attrs: 0x1
[    2.526635]   Magic number: 11:860:849
[    2.530106]  index1: hash matches
[    2.532767]  index1: hash matches
[    2.535688] graphics fbcon: hash matches
[    2.538436] rtc_cmos rtc_cmos: setting system clock to 2019-07-14 19:49:06 UTC (1563133746)
[    2.543948] BIOS EDD facility v0.16 2004-Jun-25, 0 devices found
[    2.548129] EDD information not available.
[    2.569834] Freeing unused kernel image memory: 2408K
[    2.588077] Write protecting the kernel read-only data: 20480k
[    2.594201] Freeing unused kernel image memory: 2008K
[    2.599061] Freeing unused kernel image memory: 1872K
[    2.663326] x86/mm: Checked W+X mappings: passed, no W+X pages found.
[    2.667334] x86/mm: Checking user space page tables
[    2.732819] x86/mm: Checked W+X mappings: passed, no W+X pages found.
Loading, please wait...
starting version 237
[    2.982035] Fusion MPT base driver 3.04.20
[    2.985505] Copyright (c) 1999-2008 LSI Corporation
[    3.021729] e1000: Intel(R) PRO/1000 Network Driver - version 7.3.21-k8-NAPI
[    3.026708] e1000: Copyright (c) 1999-2006 Intel Corporation.
[    3.086863] Fusion MPT SPI Host driver 3.04.20
[    3.248884] input: ImExPS/2 Generic Explorer Mouse as /devices/platform/i8042/serio1/input/input4
[    3.798924] e1000 0000:00:03.0 eth0: (PCI:33MHz:32-bit) 02:54:57:2b:5c:0a
[    3.803592] e1000 0000:00:03.0 eth0: Intel(R) PRO/1000 Network Connection
[    3.812027] mptbase: ioc0: Initiating bringup
[    3.818110] e1000 0000:00:03.0 enp0s3: renamed from eth0
[    3.909250] ioc0: LSI53C1030 A0: Capabilities={Initiator}
[    4.168266] scsi host2: ioc0: LSI53C1030 A0, FwRev=00000000h, Ports=1, MaxQ=256, IRQ=20
[    4.341846] scsi 2:0:0:0: Direct-Access     VBOX     HARDDISK         1.0  PQ: 0 ANSI: 5
[    4.380942] scsi target2:0:0: Beginning Domain Validation
[    4.388889] scsi target2:0:0: Domain Validation skipping write tests
[    4.392674] scsi target2:0:0: Ending Domain Validation
[    4.396299] scsi target2:0:0: asynchronous
[    4.400190] random: fast init done
[    4.402998] scsi 2:0:1:0: Direct-Access     VBOX     HARDDISK         1.0  PQ: 0 ANSI: 5
[    4.440350] scsi target2:0:1: Beginning Domain Validation
[    4.448122] scsi target2:0:1: Domain Validation skipping write tests
[    4.451826] scsi target2:0:1: Ending Domain Validation
[    4.455159] scsi target2:0:1: asynchronous
[    4.470521] random: systemd-udevd: uninitialized urandom read (16 bytes read)
[    4.475698] random: systemd-udevd: uninitialized urandom read (16 bytes read)
[    4.475754] sd 2:0:0:0: Attached scsi generic sg0 type 0
[    4.481546] sd 2:0:1:0: Attached scsi generic sg1 type 0
[    4.488329] random: systemd-udevd: uninitialized urandom read (16 bytes read)
[    4.492937] sd 2:0:0:0: [sda] 20971520 512-byte logical blocks: (10.7 GB/10.0 GiB)
[    4.494887] sd 2:0:1:0: [sdb] 20480 512-byte logical blocks: (10.5 MB/10.0 MiB)
[    4.495067] sd 2:0:1:0: [sdb] Write Protect is off
[    4.495487] sd 2:0:1:0: [sdb] Incomplete mode parameter data
[    4.495493] sd 2:0:1:0: [sdb] Assuming drive cache: write through
[    4.514620] sd 2:0:0:0: [sda] Write Protect is off
[    4.522901] sd 2:0:0:0: [sda] Incomplete mode parameter data
[    4.526612] sd 2:0:0:0: [sda] Assuming drive cache: write through
[    4.555536]  sda: sda1
[    4.558025] sd 2:0:1:0: [sdb] Attached SCSI disk
[    4.562806] sd 2:0:0:0: [sda] Attached SCSI disk
Begin: Loading essential drivers ... [    7.600879] raid6: sse2x1   gen()  1517 MB/s
[    7.648231] raid6: sse2x1   xor()   948 MB/s
[    7.696079] raid6: sse2x2   gen()  3299 MB/s
[    7.744364] raid6: sse2x2   xor()  1548 MB/s
[    7.792096] raid6: sse2x4   gen()  3792 MB/s
[    7.840563] raid6: sse2x4   xor()  2167 MB/s
[    7.843243] raid6: using algorithm sse2x4 gen() 3792 MB/s
[    7.846662] raid6: .... xor() 2167 MB/s, rmw enabled
[    7.849909] raid6: using ssse3x2 recovery algorithm
[    7.856908] xor: automatically using best checksumming function   avx       
[    7.864831] async_tx: api initialized (async)
done.
Begin: Running /scripts/init-premount ... done.
Begin: Mounting root file system ... Begin: Running /scripts/local-top ... done.
Begin: Running /scripts/local-premount ... [    8.045582] Btrfs loaded, crc32c=crc32c-intel
Scanning for Btrfs filesystems
done.
Warning: fsck not present, so skipping root file system
[    8.152817] EXT4-fs (sda1): INFO: recovery required on readonly filesystem
[    8.157598] EXT4-fs (sda1): write access will be enabled during recovery
[    8.376569] EXT4-fs (sda1): recovery complete
[    8.380774] EXT4-fs (sda1): mounted filesystem with ordered data mode. Opts: (null)
done.
Begin: Running /scripts/local-bottom ... done.
Begin: Running /scripts/init-bottom ... done.
[    9.568713] ip_tables: (C) 2000-2006 Netfilter Core Team
[    9.654055] systemd[1]: systemd 237 running in system mode. (+PAM +AUDIT +SELINUX +IMA +APPARMOR +SMACK +SYSVINIT +UTMP +LIBCRYPTSETUP +GCRYPT +GNUTLS +ACL +XZ +LZ4 +SECCOMP +BLKID +ELFUTILS +KMOD -IDN2 +IDN -PCRE2 default-hierarchy=hybrid)
[    9.667690] systemd[1]: Detected virtualization oracle.
[    9.671452] systemd[1]: Detected architecture x86-64.

Welcome to [1mUbuntu 18.04.2 LTS[0m!

[    9.798752] systemd[1]: Set hostname to <ubuntu-bionic>.
[   10.476651] random: crng init done
[   10.479424] random: 7 urandom warning(s) missed due to ratelimiting
[   12.468701] systemd[1]: Reached target System Time Synchronized.
[[0;32m  OK  [0m] Reached target System Time Synchronized.
[   12.482709] systemd[1]: Created slice User and Session Slice.
[[0;32m  OK  [0m] Created slice User and Session Slice.
[   12.491128] systemd[1]: Reached target User and Group Name Lookups.
[[0;32m  OK  [0m] Reached target User and Group Name Lookups.
[   12.499751] systemd[1]: Set up automount Arbitrary Executable File Formats File System Automount Point.
[[0;32m  OK  [0m] Set up automount Arbitrary Executabâ€¦rmats File System Automount Point.
[   12.511470] systemd[1]: Reached target Swap.
[[0;32m  OK  [0m] Reached target Swap.
[   12.517036] systemd[1]: Created slice System Slice.
[[0;32m  OK  [0m] Created slice System Slice.
[[0;32m  OK  [0m] Listening on LVM2 poll daemon socket.
[[0;32m  OK  [0m] Listening on /dev/initctl Compatibility Named Pipe.
[[0;32m  OK  [0m] Listening on Syslog Socket.
[[0;32m  OK  [0m] Listening on udev Kernel Socket.
[[0;32m  OK  [0m] Created slice system-serial\x2dgetty.slice.
[[0;32m  OK  [0m] Listening on Journal Socket.
         Starting Load Kernel Modules...
         Mounting Kernel Debug File System...
[[0;32m  OK  [0m] Listening on Journal Socket (/dev/log).
[[0;32m  OK  [0m] Listening on LVM2 metadata daemon socket.
         Starting Uncomplicated firewall...
         Starting Create list of required stâ€¦ce nodes for the current kernel...
[[0;32m  OK  [0m] Listening on Device-mapper event daemon FIFOs.
         Starting Monitoring of LVM2 mirrorsâ€¦ng dmeventd or progress polling...
[[0;32m  OK  [0m] Listening on Network Service Netlink Socket.
         Mounting Huge Pages File System...
[[0;32m  OK  [0m] Reached target Slices.
         Starting Remount Root and Kernel File Systems...
         Starting Set the console keyboard layout...
[[0;32m  OK  [0m] Listening on Journal Audit Socket.
         Starting Journal Service...
[[0;32m  OK  [0m] Started Forward Password Requests to Wall Directory Watch.
[[0;32m  OK  [0m] Listening on udev Control Socket.
         Starting udev Coldplug all Devices...
         Mounting POSIX Message Queue File System...
[[0;32m  OK  [0m] Mounted Kernel Debug File System.
[[0;32m  OK  [0m] Started Uncomplicated firewall.
[[0;32m  OK  [0m] Started Create list of required staâ€¦vice nodes for the current kernel.
[[0;32m  OK  [0m] Mounted Huge Pages File System.
[[0;32m  OK  [0m] Mounted POSIX Message Queue File System.
         Starting Create Static Device Nodes in /dev...
[   13.015368] Loading iSCSI transport class v2.0-870.
[   13.066828] EXT4-fs (sda1): re-mounted. Opts: (null)
[[0;32m  OK  [0m] Started LVM2 metadata daemon.
[[0;32m  OK  [0m] Started Remount Root and Kernel File Systems.
[   13.179604] iscsi: registered transport (tcp)
         Starting Load/Save Random Seed...
[[0;32m  OK  [0m] Started udev Coldplug all Devices.
[[0;32m  OK  [0m] Started Journal Service.
         Starting Flush Journal to Persistent Storage...
[   13.337780] systemd-journald[383]: Received request to flush runtime journal from PID 1
[[0;32m  OK  [0m] Started Load/Save Random Seed.
[[0;32m  OK  [0m] Started Monitoring of LVM2 mirrors,â€¦sing dmeventd or progress polling.
[   13.717625] iscsi: registered transport (iser)
[[0;32m  OK  [0m] Started Load Kernel Modules.
         Mounting Kernel Configuration File System...
         Mounting FUSE Control File System...
         Starting Apply Kernel Variables...
[[0;32m  OK  [0m] Mounted Kernel Configuration File System.
[[0;32m  OK  [0m] Mounted FUSE Control File System.
[[0;32m  OK  [0m] Started Create Static Device Nodes in /dev.
         Starting udev Kernel Device Manager...
[[0;32m  OK  [0m] Started Set the console keyboard layout.
[[0;32m  OK  [0m] Reached target Local File Systems (Pre).
[[0;32m  OK  [0m] Reached target Local File Systems.
         Starting Tell Plymouth To Write Out Runtime Data...
         Starting AppArmor initialization...
         Starting ebtables ruleset management...
         Starting Set console font and keymap...
[[0;32m  OK  [0m] Started udev Kernel Device Manager.
[[0;32m  OK  [0m] Started Dispatch Password Requests to Console Directory Watch.
[[0;32m  OK  [0m] Reached target Local Encrypted Volumes.
[[0;32m  OK  [0m] Started Tell Plymouth To Write Out Runtime Data.
[[0;32m  OK  [0m] Started Set console font and keymap.
[[0;32m  OK  [0m] Started Apply Kernel Variables.
[[0;32m  OK  [0m] Found device /dev/ttyS0.
[[0;32m  OK  [0m] Listening on Load/Save RF Kill Switch Status /dev/rfkill Watch.
[[0;32m  OK  [0m] Started Flush Journal to Persistent Storage.
         Starting Create Volatile Files and Directories...
[[0;32m  OK  [0m] Started ebtables ruleset management.
[[0;32m  OK  [0m] Started Create Volatile Files and Directories.
         Starting Update UTMP about System Boot/Shutdown...
[[0;32m  OK  [0m] Started Update UTMP about System Boot/Shutdown.
[[0;32m  OK  [0m] Started AppArmor initialization.
         Starting Initial cloud-init job (pre-networking)...
[   27.143248] cloud-init[526]: Cloud-init v. 19.1-1-gbaa47854-0ubuntu1~18.04.1 running 'init-local' at Sun, 14 Jul 2019 19:49:28 +0000. Up 24.94 seconds.
[[0;32m  OK  [0m] Started Initial cloud-init job (pre-networking).
[[0;32m  OK  [0m] Reached target Network (Pre).
         Starting Network Service...
[[0;32m  OK  [0m] Started Network Service.
         Starting Network Name Resolution...
         Starting Wait for Network to be Configured...
[[0;32m  OK  [0m] Started Network Name Resolution.
[[0;32m  OK  [0m] Reached target Network.
[[0;32m  OK  [0m] Reached target Host and Network Name Lookups.
[[0;32m  OK  [0m] Started Wait for Network to be Configured.
         Starting Initial cloud-init job (metadata service crawler)...
[   32.174171] cloud-init[650]: Cloud-init v. 19.1-1-gbaa47854-0ubuntu1~18.04.1 running 'init' at Sun, 14 Jul 2019 19:49:35 +0000. Up 31.40 seconds.
[   32.180917] cloud-init[650]: ci-info: ++++++++++++++++++++++++++++++++++++++Net device info++++++++++++++++++++++++++++++++++++++
[   32.189393] cloud-init[650]: ci-info: +--------+------+----------------------------+---------------+--------+-------------------+
[   32.194837] cloud-init[650]: ci-info: | Device |  Up  |          Address           |      Mask     | Scope  |     Hw-Address    |
[   32.200781] cloud-init[650]: ci-info: +--------+------+----------------------------+---------------+--------+-------------------+
[   32.207619] cloud-init[650]: ci-info: | enp0s3 | True |         10.0.2.15          | 255.255.255.0 | global | 02:54:57:2b:5c:0a |
[   32.214356] cloud-init[650]: ci-info: | enp0s3 | True | fe80::54:57ff:fe2b:5c0a/64 |       .       |  link  | 02:54:57:2b:5c:0a |
[   32.221492] cloud-init[650]: ci-info: |   lo   | True |         127.0.0.1          |   255.0.0.0   |  host  |         .         |
[   32.228495] cloud-init[650]: ci-info: |   lo   | True |          ::1/128           |       .       |  host  |         .         |
[   32.235734] cloud-init[650]: ci-info: +--------+------+----------------------------+---------------+--------+-------------------+
[   32.242253] cloud-init[650]: ci-info: ++++++++++++++++++++++++++++Route IPv4 info+++++++++++++++++++++++++++++
[   32.247337] cloud-init[650]: ci-info: +-------+-------------+----------+-----------------+-----------+-------+
[   32.253836] cloud-init[650]: ci-info: | Route | Destination | Gateway  |     Genmask     | Interface | Flags |
[   32.261985] cloud-init[650]: ci-info: +-------+-------------+----------+-----------------+-----------+-------+
[   32.273940] cloud-init[650]: ci-info: |   0   |   0.0.0.0   | 10.0.2.2 |     0.0.0.0     |   enp0s3  |   UG  |
[   32.278479] cloud-init[650]: ci-info: |   1   |   10.0.2.0  | 0.0.0.0  |  255.255.255.0  |   enp0s3  |   U   |
[   32.283377] cloud-init[650]: ci-info: |   2   |   10.0.2.2  | 0.0.0.0  | 255.255.255.255 |   enp0s3  |   UH  |
[   32.288467] cloud-init[650]: ci-info: +-------+-------------+----------+-----------------+-----------+-------+
[   32.292439] cloud-init[650]: ci-info: +++++++++++++++++++Route IPv6 info+++++++++++++++++++
[   32.295397] cloud-init[650]: ci-info: +-------+-------------+---------+-----------+-------+
[   32.298378] cloud-init[650]: ci-info: | Route | Destination | Gateway | Interface | Flags |
[   32.302617] cloud-init[650]: ci-info: +-------+-------------+---------+-----------+-------+
[   32.305942] cloud-init[650]: ci-info: |   1   |  fe80::/64  |    ::   |   enp0s3  |   U   |
[   32.309454] cloud-init[650]: ci-info: |   3   |    local    |    ::   |   enp0s3  |   U   |
[   32.312923] cloud-init[650]: ci-info: |   4   |   ff00::/8  |    ::   |   enp0s3  |   U   |
[   32.325127] cloud-init[650]: ci-info: +-------+-------------+---------+-----------+-------+
[[0;32m  OK  [0m] Started Initial cloud-init job (metadata service crawler).
[[0;32m  OK  [0m] Reached target Cloud-config availability.
[[0;32m  OK  [0m] Reached target Network is Online.
         Starting Availability of block devices...
[[0;32m  OK  [0m] Reached target Remote File Systems (Pre).
[[0;32m  OK  [0m] Reached target Remote File Systems.
[[0;32m  OK  [0m] Reached target System Initialization.
[[0;32m  OK  [0m] Started Daily Cleanup of Temporary Directories.
[[0;32m  OK  [0m] Started ACPI Events Check.
[[0;32m  OK  [0m] Started Daily apt download activities.
[[0;32m  OK  [0m] Reached target Paths.
         Starting Socket activation for snappy daemon.
[[0;32m  OK  [0m] Listening on Open-iSCSI iscsid Socket.
[[0;32m  OK  [0m] Listening on UUID daemon activation socket.
         Starting LXD - unix socket.
[[0;32m  OK  [0m] Started Message of the Day.
[[0;32m  OK  [0m] Listening on ACPID Listen Socket.
[[0;32m  OK  [0m] Started Daily apt upgrade and clean activities.
[[0;32m  OK  [0m] Started Discard unused blocks once a week.
[[0;32m  OK  [0m] Reached target Timers.
[[0;32m  OK  [0m] Listening on D-Bus System Message Bus Socket.
[[0;32m  OK  [0m] Started Availability of block devices.
[[0;32m  OK  [0m] Listening on Socket activation for snappy daemon.
[[0;32m  OK  [0m] Listening on LXD - unix socket.
[[0;32m  OK  [0m] Reached target Sockets.
[[0;32m  OK  [0m] Reached target Basic System.
[[0;32m  OK  [0m] Started Regular background program processing daemon.
         Starting Accounts Service...
         Starting LXD - container startup/shutdown...
[[0;32m  OK  [0m] Started Deferred execution scheduler.
         Starting LSB: automatic crash report generation...
         Starting OpenBSD Secure Shell server...
         Starting System Logging Service...
[[0;32m  OK  [0m] Started irqbalance daemon.
         Starting Login Service...
[[0;32m  OK  [0m] Started memcached daemon.
[[0;32m  OK  [0m] Started D-Bus System Message Bus.
[[0;32m  OK  [0m] Started Login Service.
[[0;32m  OK  [0m] Started Unattended Upgrades Shutdown.
         Starting Permit User Sessions...
[[0;32m  OK  [0m] Started FUSE filesystem for LXC.
         Starting Virtualbox guest utils...
         Starting LSB: Record successful boot for GRUB...
         Starting Dispatcher daemon for systemd-networkd...
         Starting Snappy daemon...
[[0;32m  OK  [0m] Started System Logging Service.
[[0;32m  OK  [0m] Started Permit User Sessions.
         Starting Terminate Plymouth Boot Screen...
         Starting Hold until boot process finishes up...
[[0;32m  OK  [0m] Started Terminate Plymouth Boot Screen.
[[0;32m  OK  [0m] Started Hold until boot process finishes up.
         Starting Set console scheme...
[[0;32m  OK  [0m] Started Serial Getty on ttyS0.
[[0;32m  OK  [0m] Started LSB: automatic crash report generation.
[[0;32m  OK  [0m] Started Set console scheme.
[[0;32m  OK  [0m] Created slice system-getty.slice.
[[0;32m  OK  [0m] Started Getty on tty1.
[[0;32m  OK  [0m] Reached target Login Prompts.
         Starting Authorization Manager...
[[0;32m  OK  [0m] Started LSB: Record successful boot for GRUB.
[[0;32m  OK  [0m] Started OpenBSD Secure Shell server.
[[0;32m  OK  [0m] Started Authorization Manager.
[[0;32m  OK  [0m] Started Accounts Service.
[[0;32m  OK  [0m] Started Virtualbox guest utils.
[[0;32m  OK  [0m] Created slice User Slice of vagrant.
         Starting User Manager for UID 1000...
[[0;32m  OK  [0m] Started Session 1 of user vagrant.
[[0;32m  OK  [0m] Started Dispatcher daemon for systemd-networkd.
[[0;32m  OK  [0m] Started LXD - container startup/shutdown.

Ubuntu 18.04.2 LTS ubuntu-bionic ttyS0

ubuntu-bionic login: [   45.107240] cloud-init[1188]: Cloud-init v. 19.1-1-gbaa47854-0ubuntu1~18.04.1 running 'modules:config' at Sun, 14 Jul 2019 19:49:48 +0000. Up 44.51 seconds.
[   47.578589] cloud-init[1298]: Cloud-init v. 19.1-1-gbaa47854-0ubuntu1~18.04.1 running 'modules:final' at Sun, 14 Jul 2019 19:49:50 +0000. Up 46.97 seconds.
[   47.578895] cloud-init[1298]: Cloud-init v. 19.1-1-gbaa47854-0ubuntu1~18.04.1 finished at Sun, 14 Jul 2019 19:49:51 +0000. Datasource DataSourceNoCloud [seed=/dev/sdb][dsmode=net].  Up 47.55 seconds
